2 - [1m[34mSSPMT_test                       [0mReceiver sends 261 Ctxts of OKVS Encoding
Sender receives 261 Ctxts of OKVS Encoding, 50361925 Bytes
Sender sends 252 decoded ctxts, 64158377 Bytes
Return noise budget: 3 - 3 bits
n = 1048576, intersection = 524288
L (layers) = 252, H (slots) = 8192, L*H = 2064384
equality instances / n = 1.96875  (this is the L*H / n_y blow-up)
Label                                           Time (ms)  diff (ms)
__________________________________
Sender::Setup (flooded masks)                       556.1    556.150  ******
Gmw::generateTriple begin                           560.9      4.748  *
Gmw::generateTriple end                           10080.9   9520.013  *********
Sender::Setup (GMW triples)                       10080.9      0.002  
Sender::Generate Bands                            10237.6    156.670  *****
Sender::Sequencing                                10269.5     31.937  ***
Sender::HE Encode                                 10905.2    635.722  ******
Sender::Recv ctxts & Serialize                    52111.8  41206.587  **********
Sender::Encrypted OKVS Decoding & Send Back       55136.5   3024.680  ********
Sender::Online GMW                                63439.5   8303.005  ********

Label                                 Time (ms)  diff (ms)
__________________________________
Gmw::generateTriple begin                   6.9      6.866  **
Gmw::generateTriple end                 46845.2  46838.368  **********
Receiver::Setup (GMW triples)           46845.2      0.002  
Receiver::OKVS Encoding                 47578.7    733.435  ******
Receiver::Encryption & Send             47806.1    227.450  *****
Receiver::Recv back and Serialize       58373.8  10567.723  *********
Receiver::Decrypt                       58455.4     81.589  ****
Receiver::Online GMW                    63397.9   4942.457  ********

83.454 + 115.717 = 199.171 MB 
[1m[32m  Passed[0m   63609ms
[1m[32m
=============================================
            All Passed (1)
[1m[32m=============================================
[0m