=== u=2 rep=3 start 04:03:23 ===
2 - [1m[34mSSPMT_test                       [0mReceiver sends 261 Ctxts of OKVS Encoding
Sender receives 261 Ctxts of OKVS Encoding, 50362070 Bytes
Sender sends 252 decoded ctxts, 64158696 Bytes
Return noise budget: 3 - 3 bits
n = 1048576, intersection = 524288
L (layers) = 252, H (slots) = 8192, L*H = 2064384
equality instances / n = 1.96875  (this is the L*H / n_y blow-up)
Label                                           Time (ms)  diff (ms)
__________________________________
Sender::Setup (flooded masks)                       554.8    554.770  ******
Gmw::generateTriple begin                           560.2      5.409  **
Gmw::generateTriple end                            9715.8   9155.573  *********
Sender::Setup (GMW triples)                        9715.8      0.001  
Sender::Generate Bands                             9872.1    156.366  *****
Sender::Sequencing                                 9912.0     39.858  ***
Sender::HE Encode                                 10549.3    637.295  ******
Sender::Recv ctxts & Serialize                    52153.4  41604.125  **********
Sender::Encrypted OKVS Decoding & Send Back       55204.6   3051.231  ********
Sender::Online GMW                                63365.8   8161.141  ********

Label                                 Time (ms)  diff (ms)
__________________________________
Gmw::generateTriple begin                   7.4      7.413  **
Gmw::generateTriple end                 46845.4  46837.962  **********
Receiver::Setup (GMW triples)           46845.4      0.002  
Receiver::OKVS Encoding                 47596.7    751.275  ******
Receiver::Encryption & Send             47823.4    226.785  *****
Receiver::Recv back and Serialize       58241.1  10417.619  *********
Receiver::Decrypt                       58322.7     81.683  ****
Receiver::Online GMW                    63324.2   5001.469  ********

83.454 + 115.717 = 199.171 MB 
[1m[32m  Passed[0m   63539ms
[1m[32m
=============================================
            All Passed (1)
[1m[32m=============================================
[0mwall 63.60 s  user 20.59 s  sys 1.37 s
=== end 04:04:27 ===
