=== u=2 rep=7 start 04:09:16 ===
2 - [1m[34mSSPMT_test                       [0mReceiver sends 261 Ctxts of OKVS Encoding
Sender receives 261 Ctxts of OKVS Encoding, 50362222 Bytes
Sender sends 252 decoded ctxts, 64158646 Bytes
Return noise budget: 3 - 3 bits
n = 1048576, intersection = 524288
L (layers) = 252, H (slots) = 8192, L*H = 2064384
equality instances / n = 1.96875  (this is the L*H / n_y blow-up)
Label                                           Time (ms)  diff (ms)
__________________________________
Sender::Setup (flooded masks)                       257.5    257.506  ******
Gmw::generateTriple begin                           263.4      5.861  **
Gmw::generateTriple end                            9529.1   9265.723  **********
Sender::Setup (GMW triples)                        9529.1      0.001  
Sender::Generate Bands                             9697.9    168.808  ******
Sender::Sequencing                                 9732.7     34.809  ****
Sender::HE Encode                                 10375.3    642.571  *******
Sender::Recv ctxts & Serialize                    10554.6    179.275  ******
Sender::Encrypted OKVS Decoding & Send Back       13577.3   3022.725  *********
Sender::Online GMW                                13681.1    103.840  *****

Label                                 Time (ms)  diff (ms)
__________________________________
Gmw::generateTriple begin                   6.0      5.958  **
Gmw::generateTriple end                  9567.0   9561.043  **********
Receiver::Setup (GMW triples)            9567.0      0.002  
Receiver::OKVS Encoding                 10331.2    764.233  *******
Receiver::Encryption & Send             10551.2    219.991  ******
Receiver::Recv back and Serialize       13580.0   3028.746  *********
Receiver::Decrypt                       13662.5     82.485  *****
Receiver::Online GMW                    13681.1     18.632  ***

83.454 + 115.717 = 199.171 MB 
[1m[32m  Passed[0m   13743ms
[1m[32m
=============================================
            All Passed (1)
[1m[32m=============================================
[0mwall 13.84 s  user 22.11 s  sys 1.53 s
=== end 04:09:30 ===
