=== u=2 rep=1 start 03:59:43 ===
2 - [1m[34mSSPMT_test                       [0mReceiver sends 261 Ctxts of OKVS Encoding
Sender receives 261 Ctxts of OKVS Encoding, 50361772 Bytes
Sender sends 252 decoded ctxts, 64158864 Bytes
Return noise budget: 3 - 3 bits
n = 1048576, intersection = 524288
L (layers) = 252, H (slots) = 8192, L*H = 2064384
equality instances / n = 1.96875  (this is the L*H / n_y blow-up)
Label                                           Time (ms)  diff (ms)
__________________________________
Sender::Setup (flooded masks)                       559.0    559.023  ******
Gmw::generateTriple begin                           563.8      4.807  *
Gmw::generateTriple end                            9784.8   9220.964  *********
Sender::Setup (GMW triples)                        9784.8      0.001  
Sender::Generate Bands                             9940.5    155.726  *****
Sender::Sequencing                                 9967.7     27.220  ***
Sender::HE Encode                                 10606.3    638.523  ******
Sender::Recv ctxts & Serialize                    52093.3  41487.019  **********
Sender::Encrypted OKVS Decoding & Send Back       55139.9   3046.650  ********
Sender::Online GMW                                63413.4   8273.424  ********

Label                                 Time (ms)  diff (ms)
__________________________________
Gmw::generateTriple begin                   6.6      6.603  **
Gmw::generateTriple end                 46857.4  46850.844  **********
Receiver::Setup (GMW triples)           46857.4      0.001  
Receiver::OKVS Encoding                 47592.9    735.418  ******
Receiver::Encryption & Send             47820.6    227.781  *****
Receiver::Recv back and Serialize       58296.2  10475.507  *********
Receiver::Decrypt                       58378.2     82.034  ****
Receiver::Online GMW                    63371.6   4993.426  ********

83.453 + 115.718 = 199.171 MB 
[1m[32m  Passed[0m   63590ms
[1m[32m
=============================================
            All Passed (1)
[1m[32m=============================================
[0mwall 63.65 s  user 20.57 s  sys 1.39 s
=== end 04:00:47 ===
