=== u=2 rep=6 start 04:08:21 ===
2 - [1m[34mSSPMT_test                       [0mReceiver sends 261 Ctxts of OKVS Encoding
Sender receives 261 Ctxts of OKVS Encoding, 50362421 Bytes
Sender sends 252 decoded ctxts, 64158404 Bytes
Return noise budget: 3 - 3 bits
n = 1048576, intersection = 524288
L (layers) = 252, H (slots) = 8192, L*H = 2064384
equality instances / n = 1.96875  (this is the L*H / n_y blow-up)
Label                                           Time (ms)  diff (ms)
__________________________________
Sender::Setup (flooded masks)                       561.2    561.227  *******
Gmw::generateTriple begin                           567.3      6.067  **
Gmw::generateTriple end                           10003.4   9436.075  **********
Sender::Setup (GMW triples)                       10003.4      0.001  
Sender::Generate Bands                            10172.2    168.801  ******
Sender::Sequencing                                10249.8     77.650  *****
Sender::HE Encode                                 11015.0    765.158  *******
Sender::Recv ctxts & Serialize                    20133.4   9118.427  **********
Sender::Encrypted OKVS Decoding & Send Back       23178.7   3045.260  *********
Sender::Online GMW                                31522.4   8343.695  **********

Label                                 Time (ms)  diff (ms)
__________________________________
Gmw::generateTriple begin                   7.1      7.121  **
Gmw::generateTriple end                 14686.3  14679.200  **********
Receiver::Setup (GMW triples)           14686.3      0.001  
Receiver::OKVS Encoding                 15445.9    759.585  *******
Receiver::Encryption & Send             15673.4    227.476  ******
Receiver::Recv back and Serialize       26271.5  10598.149  **********
Receiver::Decrypt                       26353.9     82.380  *****
Receiver::Online GMW                    31480.8   5126.840  *********

83.454 + 115.717 = 199.171 MB 
[1m[32m  Passed[0m   31695ms
[1m[32m
=============================================
            All Passed (1)
[1m[32m=============================================
[0mwall 31.81 s  user 21.12 s  sys 1.51 s
=== end 04:08:53 ===
