=== u=2 rep=2 start 04:01:32 ===
2 - [1m[34mSSPMT_test                       [0mReceiver sends 261 Ctxts of OKVS Encoding
Sender receives 261 Ctxts of OKVS Encoding, 50362531 Bytes
Sender sends 252 decoded ctxts, 64159575 Bytes
Return noise budget: 3 - 3 bits
n = 1048576, intersection = 524288
L (layers) = 252, H (slots) = 8192, L*H = 2064384
equality instances / n = 1.96875  (this is the L*H / n_y blow-up)
Label                                           Time (ms)  diff (ms)
__________________________________
Sender::Setup (flooded masks)                       559.2    559.171  ******
Gmw::generateTriple begin                           564.6      5.412  **
Gmw::generateTriple end                            9737.8   9173.260  *********
Sender::Setup (GMW triples)                        9737.8      0.001  
Sender::Generate Bands                             9893.9    156.018  *****
Sender::Sequencing                                 9927.9     34.078  ***
Sender::HE Encode                                 10560.9    632.933  ******
Sender::Recv ctxts & Serialize                    51969.3  41408.444  **********
Sender::Encrypted OKVS Decoding & Send Back       54998.1   3028.797  ********
Sender::Online GMW                                63591.9   8593.770  *********

Label                                 Time (ms)  diff (ms)
__________________________________
Gmw::generateTriple begin                   7.9      7.923  **
Gmw::generateTriple end                 46863.2  46855.298  **********
Receiver::Setup (GMW triples)           46863.2      0.001  
Receiver::OKVS Encoding                 47600.2    736.982  ******
Receiver::Encryption & Send             47828.5    228.282  *****
Receiver::Recv back and Serialize       58441.3  10612.835  *********
Receiver::Decrypt                       58525.6     84.236  ****
Receiver::Online GMW                    63550.6   5025.060  ********

83.454 + 115.718 = 199.172 MB 
[1m[32m  Passed[0m   63763ms
[1m[32m
=============================================
            All Passed (1)
[1m[32m=============================================
[0mwall 63.83 s  user 20.59 s  sys 1.40 s
=== end 04:02:36 ===
