=== u=6 rep=4 start 04:06:07 ===
6 - [1m[34mPSU_test                         [0mReceiver sends 261 Ctxts of OKVS Encoding
Sender receives 261 Ctxts of OKVS Encoding, 50361854 Bytes
Sender sends 252 decoded ctxts, 64158440 Bytes
Return noise budget: 3 - 3 bits
PermuteShare + FinalOT(PSU) takes 647192 bytes

-------ssPMT Params-------
n: 1048576, intersection: 524288
w: 44, m/n: 1.7, seq_span: 74
layer budget: 252 (blocks b = 218)
--------------------------
Label                                           Time (ms)  diff (ms)
__________________________________
Sender::Setup begin                                  19.0     19.005  ***
Sender::Setup (flooded masks)                       581.7    562.662  *******
Gmw::generateTriple begin                           587.3      5.652  **
Gmw::generateTriple end                            9606.6   9019.251  *********
Sender::Setup (GMW triples)                        9606.6      0.002  
PermuteShareSender::Setup (switch OTs)            26496.6  16889.997  **********
PermuteShareSender::Benes routing                 26956.3    459.737  ******
PS.S: online begin                                26956.3      0.002  
PS.S: switches as bitvec                          26984.7     28.381  ***
PS.S: recv corrections                            28430.0   1445.312  *******
PS.S: apply corrections                           28468.3     38.336  ****
PS.S: masked eval                                 28721.3    252.977  ******
PermuteShareSender::Correlate                     28722.6      1.299  
PsuSender::Setup (transfer OTs)                   29097.2    374.563  ******
Sender::Generate Bands                            29375.9    278.722  ******
Sender::Sequencing                                29402.1     26.152  ***
Sender::HE Encode                                 30036.3    634.194  *******
Sender::Recv ctxts & Serialize                    34510.6   4474.324  *********
Sender::Encrypted OKVS Decoding & Send Back       37510.3   2999.677  ********
Sender::Online GMW                                45880.4   8370.098  *********
PermuteShareSender::Apply                         45988.1    107.739  *****
Sender::Final OT PSU                              46133.7    145.629  *****

Label                                        Time (ms)  diff (ms)
__________________________________
Receiver::Setup begin                             20.6     20.578  ***
Gmw::generateTriple begin                         26.9      6.274  **
Gmw::generateTriple end                        22282.9  22256.034  **********
Receiver::Setup (GMW triples)                  22282.9      0.002  
PermuteShareReceiver::Setup (switch OTs)       26453.1   4170.196  ********
PS.R: online begin                             26456.9      3.830  *
PS.R: recv bitcorrection                       27588.3   1131.368  *******
PS.R: copy+swap sot                            27635.3     47.039  ****
PS.R: prepare corrections                      27806.2    170.902  *****
PS.R: pack corrections                         27830.6     24.336  ***
PermuteShareReceiver::Online                   28085.5    254.941  ******
PermuteShareReceiver::Correlate                28086.5      0.945  
PsuReceiver::Setup (transfer OTs)              29216.5   1130.019  *******
Receiver::OKVS Encoding                        29984.2    767.684  *******
Receiver::Encryption & Send                    30207.4    223.265  *****
Receiver::Recv back and Serialize              40671.2  10463.788  *********
Receiver::Decrypt                              40756.0     84.834  ****
Receiver::Online GMW                           45922.0   5165.943  *********
PermuteShareReceiver::Apply                    45922.2      0.178  
Receiver::Final OT PSU                         47685.8   1763.657  *******

comm: offline 43.213 MB + online 183.913 MB = 227.125 MB   (sender->receiver 137.262, receiver->sender 89.863)
[1m[32m  Passed[0m   48197ms
[1m[32m
=============================================
            All Passed (1)
[1m[32m=============================================
[0mwall 48.26 s  user 25.40 s  sys 2.12 s
=== end 04:06:55 ===
