10 - [1m[34mPSI_sum_net_test                 [0mSender receives 261 Ctxts of OKVS Encoding, 50362225 Bytes
Sender sends 252 decoded ctxts, 64158802 Bytes
Sum phase takes 258056 bytes

-------ssPMT Params-------
n: 1048576, intersection: 524288
w: 44, m/n: 1.7, seq_span: 74
layer budget: 252 (blocks b = 218)
--------------------------
[sender]
Label                                           Time (ms)  diff (ms)
__________________________________
Sender::Setup begin                                  21.3     21.287  ***
Sender::Setup (flooded masks)                       680.9    659.636  *******
Gmw::generateTriple begin                           686.6      5.642  **
Gmw::generateTriple end                           10653.4   9966.839  **********
Sender::Setup (GMW triples)                       10653.4      0.002  
PsiSumSender::Setup (transfer OTs)                11530.2    876.746  *******
Sender::Generate Bands                            11697.2    167.022  ******
Sender::Sequencing                                11724.9     27.751  ****
Sender::HE Encode                                 12372.8    647.879  *******
Sender::Recv ctxts & Serialize                    17018.1   4645.296  *********
Sender::Encrypted OKVS Decoding & Send Back       20013.4   2995.335  *********
Sender::Online GMW                                27365.2   7351.742  **********
Sender::Sum                                       27486.0    120.807  *****

comm (this party's view): offline 31.966 MB + online 167.542 MB = 199.508 MB   (sent 115.784, recv 83.724)
Socket was destroyed with pending operations. terminate() is being called. Await Socket::flush() before the destructor is called. This will ensure thatall pending operations complete. /home/yongha/RLWE-OKVS/thirdparty/install/libOTe/include/coproto/Socket/SocketScheduler.h:416
terminate called without an active exception
